2025-07-10 22:50:11,829 > multimodal_rag@0.1.0 dev
2025-07-10 22:50:11,830 > next dev
2025-07-10 22:50:11,836 sh: next: command not found
2025-07-10 22:51:29,355 > multimodal_rag@0.1.0 dev
2025-07-10 22:51:29,356 > next dev
2025-07-10 22:51:30,976 ▲ Next.js 15.3.3
2025-07-10 22:51:30,977 - Local:        http://localhost:3000
2025-07-10 22:51:30,977 - Network:      http://192.168.1.146:3000
2025-07-10 22:51:30,977 ✓ Starting...
2025-07-10 22:51:31,830 ✓ Ready in 979ms
2025-07-10 22:51:55,349 ○ Compiling / ...
2025-07-10 22:51:57,817 ✓ Compiled / in 3s (1399 modules)
2025-07-10 22:51:57,996 Demo component rendering...
2025-07-10 22:51:58,055 GET / 200 in 3218ms
2025-07-10 22:51:58,503 ⚠ Cross origin request detected from 127.0.0.1 to /_next/* resource. In a future major version of Next.js, you will need to explicitly configure "allowedDevOrigins" in next.config to allow this.
2025-07-10 22:51:58,503 Read more: https://nextjs.org/docs/app/api-reference/config/next-config-js/allowedDevOrigins
2025-07-10 22:52:10,453 ✓ Compiled in 193ms (657 modules)
2025-07-10 22:52:10,476 GET / 200 in 19ms
2025-07-10 22:52:17,881 ✓ Compiled in 123ms (657 modules)
2025-07-10 22:52:17,890 GET / 200 in 7ms
2025-07-10 22:52:24,117 ✓ Compiled in 129ms (657 modules)
2025-07-10 22:52:24,126 GET / 200 in 6ms
2025-07-10 22:52:35,524 [?25h
